Archive member included because of file (symbol)

c:/winavr-20100110/bin/../lib/gcc/avr/4.3.3/avr4\libgcc.a(_udivmodqi4.o)
                              ./src/main.o (__udivmodqi4)
c:/winavr-20100110/bin/../lib/gcc/avr/4.3.3/avr4\libgcc.a(_divmodhi4.o)
                              ./src/main.o (__divmodhi4)
c:/winavr-20100110/bin/../lib/gcc/avr/4.3.3/avr4\libgcc.a(_exit.o)
                              c:/winavr-20100110/bin/../lib/gcc/avr/4.3.3/../../../../avr/lib/avr4/crtm8.o (exit)
c:/winavr-20100110/bin/../lib/gcc/avr/4.3.3/avr4\libgcc.a(_copy_data.o)
                              ./src/main.o (__do_copy_data)
c:/winavr-20100110/bin/../lib/gcc/avr/4.3.3/avr4\libgcc.a(_clear_bss.o)
                              ./src/main.o (__do_clear_bss)
c:/winavr-20100110/bin/../lib/gcc/avr/4.3.3/avr4\libgcc.a(_udivmodhi4.o)
                              c:/winavr-20100110/bin/../lib/gcc/avr/4.3.3/avr4\libgcc.a(_divmodhi4.o) (__udivmodhi4)

Allocating common symbols
Common symbol       size              file

inbuf               0x40              ./src/uart_interrupt.o
locoData            0x230             ./src/main.o
outfifo             0x8               ./src/uart_interrupt.o
commandQueue        0x6c              ./src/main.o
infifo              0x8               ./src/uart_interrupt.o
portData            0x8               ./src/main.o
deltaSpeedData      0x10              ./src/main.o
outbuf              0x40              ./src/uart_interrupt.o
solenoidData        0x3c              ./src/main.o
cmd                 0x5               ./src/main.o

Memory Configuration

Name             Origin             Length             Attributes
text             0x00000000         0x00002000         xr
data             0x00800060         0x0000ffa0         rw !x
eeprom           0x00810000         0x00010000         rw !x
fuse             0x00820000         0x00000400         rw !x
lock             0x00830000         0x00000400         rw !x
signature        0x00840000         0x00000400         rw !x
*default*        0x00000000         0xffffffff

Linker script and memory map

LOAD c:/winavr-20100110/bin/../lib/gcc/avr/4.3.3/../../../../avr/lib/avr4/crtm8.o
LOAD ./src/debug.o
LOAD ./src/fifo.o
LOAD ./src/main.o
LOAD ./src/pwm.o
LOAD ./src/spi.o
LOAD ./src/uart.o
LOAD ./src/uart_interrupt.o
LOAD c:/winavr-20100110/bin/../lib/gcc/avr/4.3.3/avr4\libgcc.a
LOAD c:/winavr-20100110/bin/../lib/gcc/avr/4.3.3/../../../../avr/lib/avr4\libc.a
LOAD c:/winavr-20100110/bin/../lib/gcc/avr/4.3.3/avr4\libgcc.a

.hash
 *(.hash)

.dynsym
 *(.dynsym)

.dynstr
 *(.dynstr)

.gnu.version
 *(.gnu.version)

.gnu.version_d
 *(.gnu.version_d)

.gnu.version_r
 *(.gnu.version_r)

.rel.init
 *(.rel.init)

.rela.init
 *(.rela.init)

.rel.text
 *(.rel.text)
 *(.rel.text.*)
 *(.rel.gnu.linkonce.t*)

.rela.text
 *(.rela.text)
 *(.rela.text.*)
 *(.rela.gnu.linkonce.t*)

.rel.fini
 *(.rel.fini)

.rela.fini
 *(.rela.fini)

.rel.rodata
 *(.rel.rodata)
 *(.rel.rodata.*)
 *(.rel.gnu.linkonce.r*)

.rela.rodata
 *(.rela.rodata)
 *(.rela.rodata.*)
 *(.rela.gnu.linkonce.r*)

.rel.data
 *(.rel.data)
 *(.rel.data.*)
 *(.rel.gnu.linkonce.d*)

.rela.data
 *(.rela.data)
 *(.rela.data.*)
 *(.rela.gnu.linkonce.d*)

.rel.ctors
 *(.rel.ctors)

.rela.ctors
 *(.rela.ctors)

.rel.dtors
 *(.rel.dtors)

.rela.dtors
 *(.rela.dtors)

.rel.got
 *(.rel.got)

.rela.got
 *(.rela.got)

.rel.bss
 *(.rel.bss)

.rela.bss
 *(.rela.bss)

.rel.plt
 *(.rel.plt)

.rela.plt
 *(.rela.plt)

.text           0x00000000      0xdd4
 *(.vectors)
 .vectors       0x00000000       0x26 c:/winavr-20100110/bin/../lib/gcc/avr/4.3.3/../../../../avr/lib/avr4/crtm8.o
                0x00000000                __vectors
                0x00000000                __vector_default
 *(.vectors)
 *(.progmem.gcc*)
 *(.progmem*)
                0x00000026                . = ALIGN (0x2)
                0x00000026                __trampolines_start = .
 *(.trampolines)
 .trampolines   0x00000026        0x0 linker stubs
 *(.trampolines*)
                0x00000026                __trampolines_end = .
 *(.jumptables)
 *(.jumptables*)
 *(.lowtext)
 *(.lowtext*)
                0x00000026                __ctors_start = .
 *(.ctors)
                0x00000026                __ctors_end = .
                0x00000026                __dtors_start = .
 *(.dtors)
                0x00000026                __dtors_end = .
 SORT(*)(.ctors)
 SORT(*)(.dtors)
 *(.init0)
 .init0         0x00000026        0x0 c:/winavr-20100110/bin/../lib/gcc/avr/4.3.3/../../../../avr/lib/avr4/crtm8.o
                0x00000026                __init
 *(.init0)
 *(.init1)
 *(.init1)
 *(.init2)
 .init2         0x00000026        0xc c:/winavr-20100110/bin/../lib/gcc/avr/4.3.3/../../../../avr/lib/avr4/crtm8.o
 *(.init2)
 *(.init3)
 *(.init3)
 *(.init4)
 .init4         0x00000032       0x16 c:/winavr-20100110/bin/../lib/gcc/avr/4.3.3/avr4\libgcc.a(_copy_data.o)
                0x00000032                __do_copy_data
 .init4         0x00000048       0x10 c:/winavr-20100110/bin/../lib/gcc/avr/4.3.3/avr4\libgcc.a(_clear_bss.o)
                0x00000048                __do_clear_bss
 *(.init4)
 *(.init5)
 *(.init5)
 *(.init6)
 *(.init6)
 *(.init7)
 *(.init7)
 *(.init8)
 *(.init8)
 *(.init9)
 .init9         0x00000058        0x4 c:/winavr-20100110/bin/../lib/gcc/avr/4.3.3/../../../../avr/lib/avr4/crtm8.o
 *(.init9)
 *(.text)
 .text          0x0000005c        0x2 c:/winavr-20100110/bin/../lib/gcc/avr/4.3.3/../../../../avr/lib/avr4/crtm8.o
                0x0000005c                __vector_1
                0x0000005c                __bad_interrupt
                0x0000005c                __vector_3
                0x0000005c                __vector_13
                0x0000005c                __vector_17
                0x0000005c                __vector_7
                0x0000005c                __vector_5
                0x0000005c                __vector_4
                0x0000005c                __vector_2
                0x0000005c                __vector_15
                0x0000005c                __vector_8
                0x0000005c                __vector_14
                0x0000005c                __vector_10
                0x0000005c                __vector_16
                0x0000005c                __vector_18
 .text          0x0000005e      0x120 ./src/debug.o
                0x000000e6                flash_twice_red
                0x00000066                flash_twice_green
                0x00000176                green_led_on
                0x00000140                flash_once_red
                0x000000da                flash_once_green_quick
                0x000000e0                flash_once_red_quick
                0x0000005e                debug_init
                0x0000017a                green_led_off
                0x000000ac                flash_once_green
                0x0000016e                red_led_on
                0x00000172                red_led_off
 .text          0x0000017e       0xbc ./src/fifo.o
                0x000001f8                fifo_get_nowait
                0x00000234                fifo_get_size
                0x00000192                fifo_put
                0x0000017e                fifo_init
                0x000001c8                fifo_get_wait
 .text          0x0000023a      0x940 ./src/main.o
                0x000002bc                process_loco_cmd
                0x0000023a                process_solenoid_cmd
                0x0000090a                __vector_6
                0x00000338                prepareDataForPWM
                0x00000a34                processData
                0x00000a62                main
                0x0000064c                __vector_9
                0x000009ea                checkForNewCommandPoll
                0x00000648                checkForNewCommand
                0x000006a8                initLocoData
                0x00000678                initPortData
 .text          0x00000b7a       0x64 ./src/pwm.o
                0x00000baa                setSolenoid1
                0x00000b9e                setSolenoid0
                0x00000b96                setPWMOutput
                0x00000bb6                setSolenoidWait
                0x00000bbe                setLoco0
                0x00000b7a                initPWM
                0x00000bca                setLoco1
                0x00000bd6                setLocoWait
 .text          0x00000bde       0x36 ./src/spi.o
                0x00000bf0                SPI_MasterTransmitDebug
                0x00000c08                SPI_MasterTransmitShort
                0x00000bde                SPI_MasterInit
                0x00000bfc                SPI_MasterTransmitGO
 .text          0x00000c14       0x1e ./src/uart.o
                0x00000c22                uart_transmit_poll
                0x00000c14                uart_init_poll
                0x00000c2a                uart_receive_poll
 .text          0x00000c32      0x138 ./src/uart_interrupt.o
                0x00000d0c                uart_get_inbuf_size
                0x00000ca0                __vector_12
                0x00000c32                __vector_11
                0x00000d1c                uart_getc_nowait
                0x00000d32                uart_init
                0x00000d24                uart_putc
                0x00000d14                uart_getc_wait
 .text          0x00000d6a        0x0 c:/winavr-20100110/bin/../lib/gcc/avr/4.3.3/avr4\libgcc.a(_udivmodqi4.o)
 .text          0x00000d6a        0x0 c:/winavr-20100110/bin/../lib/gcc/avr/4.3.3/avr4\libgcc.a(_divmodhi4.o)
 .text          0x00000d6a        0x0 c:/winavr-20100110/bin/../lib/gcc/avr/4.3.3/avr4\libgcc.a(_exit.o)
 .text          0x00000d6a        0x0 c:/winavr-20100110/bin/../lib/gcc/avr/4.3.3/avr4\libgcc.a(_copy_data.o)
 .text          0x00000d6a        0x0 c:/winavr-20100110/bin/../lib/gcc/avr/4.3.3/avr4\libgcc.a(_clear_bss.o)
 .text          0x00000d6a        0x0 c:/winavr-20100110/bin/../lib/gcc/avr/4.3.3/avr4\libgcc.a(_udivmodhi4.o)
                0x00000d6a                . = ALIGN (0x2)
 *(.text.*)
 .text.libgcc   0x00000d6a       0x18 c:/winavr-20100110/bin/../lib/gcc/avr/4.3.3/avr4\libgcc.a(_udivmodqi4.o)
                0x00000d6a                __udivmodqi4
 .text.libgcc   0x00000d82       0x26 c:/winavr-20100110/bin/../lib/gcc/avr/4.3.3/avr4\libgcc.a(_divmodhi4.o)
                0x00000d82                __divmodhi4
                0x00000d82                _div
 .text.libgcc   0x00000da8        0x0 c:/winavr-20100110/bin/../lib/gcc/avr/4.3.3/avr4\libgcc.a(_exit.o)
 .text.libgcc   0x00000da8        0x0 c:/winavr-20100110/bin/../lib/gcc/avr/4.3.3/avr4\libgcc.a(_copy_data.o)
 .text.libgcc   0x00000da8        0x0 c:/winavr-20100110/bin/../lib/gcc/avr/4.3.3/avr4\libgcc.a(_clear_bss.o)
 .text.libgcc   0x00000da8       0x28 c:/winavr-20100110/bin/../lib/gcc/avr/4.3.3/avr4\libgcc.a(_udivmodhi4.o)
                0x00000da8                __udivmodhi4
                0x00000dd0                . = ALIGN (0x2)
 *(.fini9)
 .fini9         0x00000dd0        0x0 c:/winavr-20100110/bin/../lib/gcc/avr/4.3.3/avr4\libgcc.a(_exit.o)
                0x00000dd0                exit
                0x00000dd0                _exit
 *(.fini9)
 *(.fini8)
 *(.fini8)
 *(.fini7)
 *(.fini7)
 *(.fini6)
 *(.fini6)
 *(.fini5)
 *(.fini5)
 *(.fini4)
 *(.fini4)
 *(.fini3)
 *(.fini3)
 *(.fini2)
 *(.fini2)
 *(.fini1)
 *(.fini1)
 *(.fini0)
 .fini0         0x00000dd0        0x4 c:/winavr-20100110/bin/../lib/gcc/avr/4.3.3/avr4\libgcc.a(_exit.o)
 *(.fini0)
                0x00000dd4                _etext = .

.data           0x00800060        0x4 load address 0x00000dd4
                0x00800060                PROVIDE (__data_start, .)
 *(.data)
 .data          0x00800060        0x0 c:/winavr-20100110/bin/../lib/gcc/avr/4.3.3/../../../../avr/lib/avr4/crtm8.o
 .data          0x00800060        0x0 ./src/debug.o
 .data          0x00800060        0x0 ./src/fifo.o
 .data          0x00800060        0x4 ./src/main.o
                0x00800063                prepareNextData
                0x00800061                currentLocoIdx
                0x00800062                solenoidToDeactivate
                0x00800060                isLocoCommand
 .data          0x00800064        0x0 ./src/pwm.o
 .data          0x00800064        0x0 ./src/spi.o
 .data          0x00800064        0x0 ./src/uart.o
 .data          0x00800064        0x0 ./src/uart_interrupt.o
 .data          0x00800064        0x0 c:/winavr-20100110/bin/../lib/gcc/avr/4.3.3/avr4\libgcc.a(_udivmodqi4.o)
 .data          0x00800064        0x0 c:/winavr-20100110/bin/../lib/gcc/avr/4.3.3/avr4\libgcc.a(_divmodhi4.o)
 .data          0x00800064        0x0 c:/winavr-20100110/bin/../lib/gcc/avr/4.3.3/avr4\libgcc.a(_exit.o)
 .data          0x00800064        0x0 c:/winavr-20100110/bin/../lib/gcc/avr/4.3.3/avr4\libgcc.a(_copy_data.o)
 .data          0x00800064        0x0 c:/winavr-20100110/bin/../lib/gcc/avr/4.3.3/avr4\libgcc.a(_clear_bss.o)
 .data          0x00800064        0x0 c:/winavr-20100110/bin/../lib/gcc/avr/4.3.3/avr4\libgcc.a(_udivmodhi4.o)
 *(.data*)
 *(.rodata)
 *(.rodata*)
 *(.gnu.linkonce.d*)
                0x00800064                . = ALIGN (0x2)
                0x00800064                _edata = .
                0x00800064                PROVIDE (__data_end, .)

.bss            0x00800064      0x38f
                0x00800064                PROVIDE (__bss_start, .)
 *(.bss)
 .bss           0x00800064        0x0 c:/winavr-20100110/bin/../lib/gcc/avr/4.3.3/../../../../avr/lib/avr4/crtm8.o
 .bss           0x00800064        0x0 ./src/debug.o
 .bss           0x00800064        0x0 ./src/fifo.o
 .bss           0x00800064        0xa ./src/main.o
                0x00800068                debugCounter
                0x00800069                solenoidDataIdxInsert
                0x0080006a                solenoidDataIdxPop
                0x0080006d                newSolenoid
                0x00800065                pwm_mode
                0x00800066                newLoco
                0x0080006c                actualBit
                0x0080006b                pwmQueueIdx
                0x00800064                timer0_interrupt
 .bss           0x0080006e        0x0 ./src/pwm.o
 .bss           0x0080006e        0x0 ./src/spi.o
 .bss           0x0080006e        0x0 ./src/uart.o
 .bss           0x0080006e        0x0 ./src/uart_interrupt.o
 .bss           0x0080006e        0x0 c:/winavr-20100110/bin/../lib/gcc/avr/4.3.3/avr4\libgcc.a(_udivmodqi4.o)
 .bss           0x0080006e        0x0 c:/winavr-20100110/bin/../lib/gcc/avr/4.3.3/avr4\libgcc.a(_divmodhi4.o)
 .bss           0x0080006e        0x0 c:/winavr-20100110/bin/../lib/gcc/avr/4.3.3/avr4\libgcc.a(_exit.o)
 .bss           0x0080006e        0x0 c:/winavr-20100110/bin/../lib/gcc/avr/4.3.3/avr4\libgcc.a(_copy_data.o)
 .bss           0x0080006e        0x0 c:/winavr-20100110/bin/../lib/gcc/avr/4.3.3/avr4\libgcc.a(_clear_bss.o)
 .bss           0x0080006e        0x0 c:/winavr-20100110/bin/../lib/gcc/avr/4.3.3/avr4\libgcc.a(_udivmodhi4.o)
 *(.bss*)
 *(COMMON)
 COMMON         0x0080006e      0x2f5 ./src/main.o
                0x0080006e                locoData
                0x0080029e                commandQueue
                0x0080030a                portData
                0x00800312                deltaSpeedData
                0x00800322                solenoidData
                0x0080035e                cmd
 COMMON         0x00800363       0x90 ./src/uart_interrupt.o
                0x00800363                inbuf
                0x008003a3                outfifo
                0x008003ab                infifo
                0x008003b3                outbuf
                0x008003f3                PROVIDE (__bss_end, .)
                0x00000dd4                __data_load_start = LOADADDR (.data)
                0x00000dd8                __data_load_end = (__data_load_start + SIZEOF (.data))

.noinit         0x008003f3        0x0
                0x008003f3                PROVIDE (__noinit_start, .)
 *(.noinit*)
                0x008003f3                PROVIDE (__noinit_end, .)
                0x008003f3                _end = .
                0x008003f3                PROVIDE (__heap_start, .)

.eeprom         0x00810000        0x0
 *(.eeprom*)
                0x00810000                __eeprom_end = .

.fuse
 *(.fuse)
 *(.lfuse)
 *(.hfuse)
 *(.efuse)

.lock
 *(.lock*)

.signature
 *(.signature*)

.stab           0x00000000     0x33fc
 *(.stab)
 .stab          0x00000000      0xba0 ./src/debug.o
 .stab          0x00000ba0      0x5ac ./src/fifo.o
                                0x768 (size before relaxing)
 .stab          0x0000114c     0x1584 ./src/main.o
                               0x1758 (size before relaxing)
 .stab          0x000026d0      0x360 ./src/pwm.o
                                0x51c (size before relaxing)
 .stab          0x00002a30      0x27c ./src/spi.o
                                0x438 (size before relaxing)
 .stab          0x00002cac      0x204 ./src/uart.o
                                0x3c0 (size before relaxing)
 .stab          0x00002eb0      0x54c ./src/uart_interrupt.o
                                0x720 (size before relaxing)

.stabstr        0x00000000     0x1191
 *(.stabstr)
 .stabstr       0x00000000     0x1191 ./src/debug.o

.stab.excl
 *(.stab.excl)

.stab.exclstr
 *(.stab.exclstr)

.stab.index
 *(.stab.index)

.stab.indexstr
 *(.stab.indexstr)

.comment
 *(.comment)

.debug
 *(.debug)

.line
 *(.line)

.debug_srcinfo
 *(.debug_srcinfo)

.debug_sfnames
 *(.debug_sfnames)

.debug_aranges
 *(.debug_aranges)

.debug_pubnames
 *(.debug_pubnames)

.debug_info
 *(.debug_info)
 *(.gnu.linkonce.wi.*)

.debug_abbrev
 *(.debug_abbrev)

.debug_line
 *(.debug_line)

.debug_frame
 *(.debug_frame)

.debug_str
 *(.debug_str)

.debug_loc
 *(.debug_loc)

.debug_macinfo
 *(.debug_macinfo)
OUTPUT(AdHoc-MaerklinGenerator.elf elf32-avr)
LOAD linker stubs
