Archive member included because of file (symbol)

/usr/lib/gcc/avr/4.5.3/avr5/libgcc.a(_udivmodqi4.o)
                              ./src/main.o (__udivmodqi4)
/usr/lib/gcc/avr/4.5.3/avr5/libgcc.a(_udivmodhi4.o)
                              ./src/main.o (__udivmodhi4)
/usr/lib/gcc/avr/4.5.3/avr5/libgcc.a(_divmodhi4.o)
                              ./src/main.o (__divmodhi4)
/usr/lib/gcc/avr/4.5.3/avr5/libgcc.a(_exit.o)
                              /usr/lib/gcc/avr/4.5.3/../../../avr/lib/avr5/crtm644.o (exit)
/usr/lib/gcc/avr/4.5.3/avr5/libgcc.a(_copy_data.o)
                              ./src/booster.o (__do_copy_data)
/usr/lib/gcc/avr/4.5.3/avr5/libgcc.a(_clear_bss.o)
                              ./src/booster.o (__do_clear_bss)
/usr/lib/gcc/avr/4.5.3/avr5/libgcc.a(_fixunssfsi.o)
                              ./src/ib_parser.o (__fixunssfsi)
/usr/lib/gcc/avr/4.5.3/avr5/libgcc.a(_addsub_sf.o)
                              /usr/lib/gcc/avr/4.5.3/avr5/libgcc.a(_fixunssfsi.o) (__subsf3)
/usr/lib/gcc/avr/4.5.3/avr5/libgcc.a(_mul_sf.o)
                              ./src/ib_parser.o (__mulsf3)
/usr/lib/gcc/avr/4.5.3/avr5/libgcc.a(_ge_sf.o)
                              /usr/lib/gcc/avr/4.5.3/avr5/libgcc.a(_fixunssfsi.o) (__gesf2)
/usr/lib/gcc/avr/4.5.3/avr5/libgcc.a(_si_to_sf.o)
                              ./src/ib_parser.o (__floatsisf)
/usr/lib/gcc/avr/4.5.3/avr5/libgcc.a(_sf_to_si.o)
                              /usr/lib/gcc/avr/4.5.3/avr5/libgcc.a(_fixunssfsi.o) (__fixsfsi)
/usr/lib/gcc/avr/4.5.3/avr5/libgcc.a(_thenan_sf.o)
                              /usr/lib/gcc/avr/4.5.3/avr5/libgcc.a(_addsub_sf.o) (__thenan_sf)
/usr/lib/gcc/avr/4.5.3/avr5/libgcc.a(_prologue.o)
                              /usr/lib/gcc/avr/4.5.3/avr5/libgcc.a(_addsub_sf.o) (__prologue_saves__)
/usr/lib/gcc/avr/4.5.3/avr5/libgcc.a(_epilogue.o)
                              /usr/lib/gcc/avr/4.5.3/avr5/libgcc.a(_addsub_sf.o) (__epilogue_restores__)
/usr/lib/gcc/avr/4.5.3/avr5/libgcc.a(_clzsi2.o)
                              /usr/lib/gcc/avr/4.5.3/avr5/libgcc.a(_si_to_sf.o) (__clzsi2)
/usr/lib/gcc/avr/4.5.3/avr5/libgcc.a(_pack_sf.o)
                              /usr/lib/gcc/avr/4.5.3/avr5/libgcc.a(_addsub_sf.o) (__pack_f)
/usr/lib/gcc/avr/4.5.3/avr5/libgcc.a(_unpack_sf.o)
                              /usr/lib/gcc/avr/4.5.3/avr5/libgcc.a(_addsub_sf.o) (__unpack_f)
/usr/lib/gcc/avr/4.5.3/avr5/libgcc.a(_fpcmp_parts_sf.o)
                              /usr/lib/gcc/avr/4.5.3/avr5/libgcc.a(_ge_sf.o) (__fpcmp_parts_f)
/usr/lib/gcc/avr/4.5.3/avr5/libgcc.a(_clz.o)
                              /usr/lib/gcc/avr/4.5.3/avr5/libgcc.a(_clzsi2.o) (__clz_tab)
/usr/lib/gcc/avr/4.5.3/../../../avr/lib/avr5/libc.a(malloc.o)
                              ./src/ib_parser.o (malloc)
/usr/lib/gcc/avr/4.5.3/../../../avr/lib/avr5/libc.a(atoi.o)
                              ./src/ib_parser.o (atoi)
/usr/lib/gcc/avr/4.5.3/../../../avr/lib/avr5/libc.a(strtok.o)
                              ./src/ib_parser.o (strtok)
/usr/lib/gcc/avr/4.5.3/../../../avr/lib/avr5/libc.a(strcasecmp.o)
                              ./src/ib_parser.o (strcasecmp)
/usr/lib/gcc/avr/4.5.3/../../../avr/lib/avr5/libc.a(strcpy.o)
                              ./src/ib_parser.o (strcpy)
/usr/lib/gcc/avr/4.5.3/../../../avr/lib/avr5/libc.a(strtok_r.o)
                              /usr/lib/gcc/avr/4.5.3/../../../avr/lib/avr5/libc.a(strtok.o) (strtok_r)
/usr/lib/gcc/avr/4.5.3/../../../avr/lib/avr5/libc.a(itoa.o)
                              ./src/debug.o (itoa)
/usr/lib/gcc/avr/4.5.3/../../../avr/lib/avr5/libc.a(mul10.o)
                              /usr/lib/gcc/avr/4.5.3/../../../avr/lib/avr5/libc.a(atoi.o) (__mulhi_const_10)
/usr/lib/gcc/avr/4.5.3/../../../avr/lib/avr5/libc.a(ceil.o)
                              ./src/ib_parser.o (ceil)
/usr/lib/gcc/avr/4.5.3/../../../avr/lib/avr5/libc.a(fp_mintl.o)
                              /usr/lib/gcc/avr/4.5.3/../../../avr/lib/avr5/libc.a(ceil.o) (__fp_mintl)
/usr/lib/gcc/avr/4.5.3/../../../avr/lib/avr5/libc.a(fp_mpack.o)
                              /usr/lib/gcc/avr/4.5.3/../../../avr/lib/avr5/libc.a(ceil.o) (__fp_mpack)
/usr/lib/gcc/avr/4.5.3/../../../avr/lib/avr5/libc.a(fp_trunc.o)
                              /usr/lib/gcc/avr/4.5.3/../../../avr/lib/avr5/libc.a(ceil.o) (__fp_trunc)
/usr/lib/gcc/avr/4.5.3/../../../avr/lib/avr5/libc.a(fp_zero.o)
                              /usr/lib/gcc/avr/4.5.3/../../../avr/lib/avr5/libc.a(ceil.o) (__fp_szero)
/usr/lib/gcc/avr/4.5.3/../../../avr/lib/avr5/libc.a(strrev.o)
                              /usr/lib/gcc/avr/4.5.3/../../../avr/lib/avr5/libc.a(itoa.o) (strrev)
/usr/lib/gcc/avr/4.5.3/../../../avr/lib/avr5/libc.a(fp_split3.o)
                              /usr/lib/gcc/avr/4.5.3/../../../avr/lib/avr5/libc.a(fp_trunc.o) (__fp_splitA)

Allocating common symbols
Common symbol       size              file

inbuf               0x40              ./src/uart_interrupt.o
locoData            0x230             ./src/ib_parser.o
newLocoQueue        0x320             ./src/ib_parser.o
prepareNextData     0x1               ./src/ib_parser.o
LOCO_1              0x2               ./src/main.o
outfifo             0x8               ./src/uart_interrupt.o
commandQueue        0x240             ./src/ib_parser.o
functionRefreshSent
                    0x1               ./src/ib_parser.o
currentRefreshCycleLocoIdx
                    0x1               ./src/ib_parser.o
__brkval            0x2               /usr/lib/gcc/avr/4.5.3/../../../avr/lib/avr5/libc.a(malloc.o)
solenoidToDeactivate
                    0x1               ./src/ib_parser.o
SOLENOID_0          0x2               ./src/main.o
solenoidQueueIdxFront2
                    0x1               ./src/ib_parser.o
infifo              0x8               ./src/uart_interrupt.o
SOLENOID_TOP        0x2               ./src/main.o
newLocoIdx          0x2               ./src/ib_parser.o
mmChangeDirection   0x1               ./src/ib_parser.o
SolenoidTESTport    0x1               ./src/ib_parser.o
StartSecondSolenoidTransmition
                    0x1               ./src/ib_parser.o
currentRefreshCycleFunction
                    0x1               ./src/ib_parser.o
solenoidQueue       0x12c             ./src/ib_parser.o
booster_state       0x8               ./src/booster.o
newLocoFunction     0x1               ./src/ib_parser.o
pwm_mode            0x2               ./src/ib_parser.o
deactivatingSolenoid
                    0x1               ./src/ib_parser.o
portData            0x8               ./src/ib_parser.o
deltaSpeedData      0x10              ./src/ib_parser.o
solenoidQueueIdxEnter
                    0x2               ./src/ib_parser.o
newLoco             0x2               ./src/ib_parser.o
solenoidQueueIdxFront
                    0x1               ./src/ib_parser.o
commandLength       0x2               ./src/ib_parser.o
actualData          0x2               ./src/ib_parser.o
actualBit           0x2               ./src/ib_parser.o
pwmQueueIdx         0x1               ./src/ib_parser.o
timer0_interrupt    0x1               ./src/ib_parser.o
PWM_WAIT            0x2               ./src/main.o
SOLENOID_1          0x2               ./src/main.o
newLocoQueueIdxFront
                    0x1               ./src/ib_parser.o
LOCO_0              0x2               ./src/main.o
outbuf              0x80              ./src/uart_interrupt.o
locoCommandLength   0x4               ./src/ib_parser.o
__flp               0x2               /usr/lib/gcc/avr/4.5.3/../../../avr/lib/avr5/libc.a(malloc.o)
timer2_interrupt    0x1               ./src/ib_parser.o
newLocoQueueIdxEnter
                    0x2               ./src/ib_parser.o
LOCO_TOP            0x2               ./src/main.o
cmd                 0x40              ./src/ib_parser.o
StartOneLocoRefresh
                    0x1               ./src/ib_parser.o
newLocoSpeed        0x1               ./src/ib_parser.o

Memory Configuration

Name             Origin             Length             Attributes
text             0x0000000000000000 0x0000000000020000 xr
data             0x0000000000800060 0x000000000000ffa0 rw !x
eeprom           0x0000000000810000 0x0000000000010000 rw !x
fuse             0x0000000000820000 0x0000000000000400 rw !x
lock             0x0000000000830000 0x0000000000000400 rw !x
signature        0x0000000000840000 0x0000000000000400 rw !x
*default*        0x0000000000000000 0xffffffffffffffff

Linker script and memory map

Address of section .data set to 0x800100
LOAD /usr/lib/gcc/avr/4.5.3/../../../avr/lib/avr5/crtm644.o
LOAD ./src/booster.o
LOAD ./src/debug.o
LOAD ./src/fifo.o
LOAD ./src/ib_parser.o
LOAD ./src/main.o
LOAD ./src/pwm.o
LOAD ./src/spi.o
LOAD ./src/uart_interrupt.o
LOAD /usr/lib/gcc/avr/4.5.3/avr5/libgcc.a
LOAD /usr/lib/gcc/avr/4.5.3/../../../avr/lib/avr5/libc.a
LOAD /usr/lib/gcc/avr/4.5.3/avr5/libgcc.a

.hash
 *(.hash)

.dynsym
 *(.dynsym)

.dynstr
 *(.dynstr)

.gnu.version
 *(.gnu.version)

.gnu.version_d
 *(.gnu.version_d)

.gnu.version_r
 *(.gnu.version_r)

.rel.init
 *(.rel.init)

.rela.init
 *(.rela.init)

.rel.text
 *(.rel.text)
 *(.rel.text.*)
 *(.rel.gnu.linkonce.t*)

.rela.text
 *(.rela.text)
 *(.rela.text.*)
 *(.rela.gnu.linkonce.t*)

.rel.fini
 *(.rel.fini)

.rela.fini
 *(.rela.fini)

.rel.rodata
 *(.rel.rodata)
 *(.rel.rodata.*)
 *(.rel.gnu.linkonce.r*)

.rela.rodata
 *(.rela.rodata)
 *(.rela.rodata.*)
 *(.rela.gnu.linkonce.r*)

.rel.data
 *(.rel.data)
 *(.rel.data.*)
 *(.rel.gnu.linkonce.d*)

.rela.data
 *(.rela.data)
 *(.rela.data.*)
 *(.rela.gnu.linkonce.d*)

.rel.ctors
 *(.rel.ctors)

.rela.ctors
 *(.rela.ctors)

.rel.dtors
 *(.rel.dtors)

.rela.dtors
 *(.rela.dtors)

.rel.got
 *(.rel.got)

.rela.got
 *(.rela.got)

.rel.bss
 *(.rel.bss)

.rela.bss
 *(.rela.bss)

.rel.plt
 *(.rel.plt)

.rela.plt
 *(.rela.plt)

.text           0x0000000000000000     0x36c0
 *(.vectors)
 .vectors       0x0000000000000000       0x70 /usr/lib/gcc/avr/4.5.3/../../../avr/lib/avr5/crtm644.o
                0x0000000000000000                __vectors
                0x0000000000000000                __vector_default
 *(.vectors)
 *(.progmem.gcc*)
 *(.progmem*)
                0x0000000000000070                . = ALIGN (0x2)
                0x0000000000000070                __trampolines_start = .
 *(.trampolines)
 .trampolines   0x0000000000000070        0x0 linker stubs
 *(.trampolines*)
                0x0000000000000070                __trampolines_end = .
 *(.jumptables)
 *(.jumptables*)
 *(.lowtext)
 *(.lowtext*)
                0x0000000000000070                __ctors_start = .
 *(.ctors)
                0x0000000000000070                __ctors_end = .
                0x0000000000000070                __dtors_start = .
 *(.dtors)
                0x0000000000000070                __dtors_end = .
 SORT(*)(.ctors)
 SORT(*)(.dtors)
 *(.init0)
 .init0         0x0000000000000070        0x0 /usr/lib/gcc/avr/4.5.3/../../../avr/lib/avr5/crtm644.o
                0x0000000000000070                __init
 *(.init0)
 *(.init1)
 *(.init1)
 *(.init2)
 .init2         0x0000000000000070        0xc /usr/lib/gcc/avr/4.5.3/../../../avr/lib/avr5/crtm644.o
 *(.init2)
 *(.init3)
 *(.init3)
 *(.init4)
 .init4         0x000000000000007c       0x16 /usr/lib/gcc/avr/4.5.3/avr5/libgcc.a(_copy_data.o)
                0x000000000000007c                __do_copy_data
 .init4         0x0000000000000092       0x10 /usr/lib/gcc/avr/4.5.3/avr5/libgcc.a(_clear_bss.o)
                0x0000000000000092                __do_clear_bss
 *(.init4)
 *(.init5)
 *(.init5)
 *(.init6)
 *(.init6)
 *(.init7)
 *(.init7)
 *(.init8)
 *(.init8)
 *(.init9)
 .init9         0x00000000000000a2        0x8 /usr/lib/gcc/avr/4.5.3/../../../avr/lib/avr5/crtm644.o
 *(.init9)
 *(.text)
 .text          0x00000000000000aa        0x4 /usr/lib/gcc/avr/4.5.3/../../../avr/lib/avr5/crtm644.o
                0x00000000000000aa                __vector_22
                0x00000000000000aa                __vector_1
                0x00000000000000aa                __vector_24
                0x00000000000000aa                __vector_12
                0x00000000000000aa                __bad_interrupt
                0x00000000000000aa                __vector_6
                0x00000000000000aa                __vector_3
                0x00000000000000aa                __vector_23
                0x00000000000000aa                __vector_25
                0x00000000000000aa                __vector_11
                0x00000000000000aa                __vector_13
                0x00000000000000aa                __vector_17
                0x00000000000000aa                __vector_19
                0x00000000000000aa                __vector_7
                0x00000000000000aa                __vector_27
                0x00000000000000aa                __vector_5
                0x00000000000000aa                __vector_4
                0x00000000000000aa                __vector_9
                0x00000000000000aa                __vector_2
                0x00000000000000aa                __vector_15
                0x00000000000000aa                __vector_8
                0x00000000000000aa                __vector_26
                0x00000000000000aa                __vector_10
                0x00000000000000aa                __vector_16
 .text          0x00000000000000ae        0x0 ./src/booster.o
 .text          0x00000000000000ae        0x0 ./src/debug.o
 .text          0x00000000000000ae        0x0 ./src/fifo.o
 .text          0x00000000000000ae        0x0 ./src/ib_parser.o
 .text          0x00000000000000ae        0x0 ./src/main.o
 .text          0x00000000000000ae        0x0 ./src/pwm.o
 .text          0x00000000000000ae        0x0 ./src/spi.o
 .text          0x00000000000000ae        0x0 ./src/uart_interrupt.o
 .text          0x00000000000000ae        0x0 /usr/lib/gcc/avr/4.5.3/avr5/libgcc.a(_udivmodqi4.o)
 .text          0x00000000000000ae        0x0 /usr/lib/gcc/avr/4.5.3/avr5/libgcc.a(_udivmodhi4.o)
 .text          0x00000000000000ae        0x0 /usr/lib/gcc/avr/4.5.3/avr5/libgcc.a(_divmodhi4.o)
 .text          0x00000000000000ae        0x0 /usr/lib/gcc/avr/4.5.3/avr5/libgcc.a(_exit.o)
 .text          0x00000000000000ae        0x0 /usr/lib/gcc/avr/4.5.3/avr5/libgcc.a(_copy_data.o)
 .text          0x00000000000000ae        0x0 /usr/lib/gcc/avr/4.5.3/avr5/libgcc.a(_clear_bss.o)
 .text          0x00000000000000ae       0x58 /usr/lib/gcc/avr/4.5.3/avr5/libgcc.a(_fixunssfsi.o)
                0x00000000000000ae                __fixunssfsi
 .text          0x0000000000000106      0x350 /usr/lib/gcc/avr/4.5.3/avr5/libgcc.a(_addsub_sf.o)
                0x000000000000039a                __addsf3
                0x00000000000003f4                __subsf3
 .text          0x0000000000000456      0x1f4 /usr/lib/gcc/avr/4.5.3/avr5/libgcc.a(_mul_sf.o)
                0x0000000000000456                __mulsf3
 .text          0x000000000000064a       0x60 /usr/lib/gcc/avr/4.5.3/avr5/libgcc.a(_ge_sf.o)
                0x000000000000064a                __gesf2
 .text          0x00000000000006aa       0xc0 /usr/lib/gcc/avr/4.5.3/avr5/libgcc.a(_si_to_sf.o)
                0x00000000000006aa                __floatsisf
 .text          0x000000000000076a       0xa4 /usr/lib/gcc/avr/4.5.3/avr5/libgcc.a(_sf_to_si.o)
                0x000000000000076a                __fixsfsi
 .text          0x000000000000080e        0x0 /usr/lib/gcc/avr/4.5.3/avr5/libgcc.a(_thenan_sf.o)
 .text          0x000000000000080e        0x0 /usr/lib/gcc/avr/4.5.3/avr5/libgcc.a(_prologue.o)
 .text          0x000000000000080e        0x0 /usr/lib/gcc/avr/4.5.3/avr5/libgcc.a(_epilogue.o)
 .text          0x000000000000080e       0xb4 /usr/lib/gcc/avr/4.5.3/avr5/libgcc.a(_clzsi2.o)
                0x000000000000080e                __clzsi2
 .text          0x00000000000008c2      0x19c /usr/lib/gcc/avr/4.5.3/avr5/libgcc.a(_pack_sf.o)
                0x00000000000008c2                __pack_f
 .text          0x0000000000000a5e       0xd2 /usr/lib/gcc/avr/4.5.3/avr5/libgcc.a(_unpack_sf.o)
                0x0000000000000a5e                __unpack_f
 .text          0x0000000000000b30       0xb2 /usr/lib/gcc/avr/4.5.3/avr5/libgcc.a(_fpcmp_parts_sf.o)
                0x0000000000000b30                __fpcmp_parts_f
 .text          0x0000000000000be2        0x0 /usr/lib/gcc/avr/4.5.3/avr5/libgcc.a(_clz.o)
 .text          0x0000000000000be2        0x0 /usr/lib/gcc/avr/4.5.3/../../../avr/lib/avr5/libc.a(malloc.o)
 .text          0x0000000000000be2        0x0 /usr/lib/gcc/avr/4.5.3/../../../avr/lib/avr5/libc.a(atoi.o)
 .text          0x0000000000000be2        0x0 /usr/lib/gcc/avr/4.5.3/../../../avr/lib/avr5/libc.a(strtok.o)
 .text          0x0000000000000be2        0x0 /usr/lib/gcc/avr/4.5.3/../../../avr/lib/avr5/libc.a(strcasecmp.o)
 .text          0x0000000000000be2        0x0 /usr/lib/gcc/avr/4.5.3/../../../avr/lib/avr5/libc.a(strcpy.o)
 .text          0x0000000000000be2        0x0 /usr/lib/gcc/avr/4.5.3/../../../avr/lib/avr5/libc.a(strtok_r.o)
 .text          0x0000000000000be2        0x0 /usr/lib/gcc/avr/4.5.3/../../../avr/lib/avr5/libc.a(itoa.o)
 .text          0x0000000000000be2        0x0 /usr/lib/gcc/avr/4.5.3/../../../avr/lib/avr5/libc.a(mul10.o)
 .text          0x0000000000000be2        0x0 /usr/lib/gcc/avr/4.5.3/../../../avr/lib/avr5/libc.a(ceil.o)
 .text          0x0000000000000be2        0x0 /usr/lib/gcc/avr/4.5.3/../../../avr/lib/avr5/libc.a(fp_mintl.o)
 .text          0x0000000000000be2        0x0 /usr/lib/gcc/avr/4.5.3/../../../avr/lib/avr5/libc.a(fp_mpack.o)
 .text          0x0000000000000be2        0x0 /usr/lib/gcc/avr/4.5.3/../../../avr/lib/avr5/libc.a(fp_trunc.o)
 .text          0x0000000000000be2        0x0 /usr/lib/gcc/avr/4.5.3/../../../avr/lib/avr5/libc.a(fp_zero.o)
 .text          0x0000000000000be2        0x0 /usr/lib/gcc/avr/4.5.3/../../../avr/lib/avr5/libc.a(strrev.o)
 .text          0x0000000000000be2        0x0 /usr/lib/gcc/avr/4.5.3/../../../avr/lib/avr5/libc.a(fp_split3.o)
                0x0000000000000be2                . = ALIGN (0x2)
 *(.text.*)
 .text.report_boosterstate
                0x0000000000000be2       0x50 ./src/booster.o
                0x0000000000000be2                report_boosterstate
 .text.stop_booster
                0x0000000000000c32       0x66 ./src/booster.o
                0x0000000000000c32                stop_booster
 .text.stop_booster_short
                0x0000000000000c98       0x62 ./src/booster.o
                0x0000000000000c98                stop_booster_short
 .text.check_shorts
                0x0000000000000cfa       0x68 ./src/booster.o
                0x0000000000000cfa                check_shorts
 .text.go_booster
                0x0000000000000d62       0x68 ./src/booster.o
                0x0000000000000d62                go_booster
 .text.stop_all_boosters
                0x0000000000000dca       0x7a ./src/booster.o
                0x0000000000000dca                stop_all_boosters
 .text.init_boosters
                0x0000000000000e44       0x1e ./src/booster.o
                0x0000000000000e44                init_boosters
 .text.go_all_boosters
                0x0000000000000e62       0x7c ./src/booster.o
                0x0000000000000e62                go_all_boosters
 .text.uart_flush
                0x0000000000000ede        0xa ./src/debug.o
 .text.debug_init
                0x0000000000000ee8        0x8 ./src/debug.o
                0x0000000000000ee8                debug_init
 .text.flash_twice_green
                0x0000000000000ef0       0x52 ./src/debug.o
                0x0000000000000ef0                flash_twice_green
 .text.flash_once_green
                0x0000000000000f42       0x2a ./src/debug.o
                0x0000000000000f42                flash_once_green
 .text.flash_once_green_quick
                0x0000000000000f6c        0x6 ./src/debug.o
                0x0000000000000f6c                flash_once_green_quick
 .text.flash_once_red_quick
                0x0000000000000f72        0x6 ./src/debug.o
                0x0000000000000f72                flash_once_red_quick
 .text.flash_twice_red
                0x0000000000000f78       0x52 ./src/debug.o
                0x0000000000000f78                flash_twice_red
 .text.flash_once_red
                0x0000000000000fca       0x2a ./src/debug.o
                0x0000000000000fca                flash_once_red
 .text.red_led_on
                0x0000000000000ff4        0x4 ./src/debug.o
                0x0000000000000ff4                red_led_on
 .text.red_led_off
                0x0000000000000ff8        0x4 ./src/debug.o
                0x0000000000000ff8                red_led_off
 .text.green_led_on
                0x0000000000000ffc        0x4 ./src/debug.o
                0x0000000000000ffc                green_led_on
 .text.green_led_off
                0x0000000000001000        0x4 ./src/debug.o
                0x0000000000001000                green_led_off
 .text.send_nl  0x0000000000001004        0xc ./src/debug.o
                0x0000000000001004                send_nl
 .text.logit_binary
                0x0000000000001010       0x48 ./src/debug.o
                0x0000000000001010                logit_binary
 .text.logit2   0x0000000000001058       0x1a ./src/debug.o
                0x0000000000001058                logit2
 .text.log_debug2
                0x0000000000001072       0x32 ./src/debug.o
                0x0000000000001072                log_debug2
 .text.log_info2
                0x00000000000010a4       0x32 ./src/debug.o
                0x00000000000010a4                log_info2
 .text.log_warn2
                0x00000000000010d6       0x32 ./src/debug.o
                0x00000000000010d6                log_warn2
 .text.log_error2
                0x0000000000001108       0x32 ./src/debug.o
                0x0000000000001108                log_error2
 .text.logit    0x000000000000113a        0xa ./src/debug.o
                0x000000000000113a                logit
 .text.log_debug
                0x0000000000001144       0x26 ./src/debug.o
                0x0000000000001144                log_debug
 .text.log_info
                0x000000000000116a       0x26 ./src/debug.o
                0x000000000000116a                log_info
 .text.log_warn
                0x0000000000001190       0x26 ./src/debug.o
                0x0000000000001190                log_warn
 .text.log_error
                0x00000000000011b6       0x26 ./src/debug.o
                0x00000000000011b6                log_error
 .text.send_number_dec
                0x00000000000011dc       0x42 ./src/debug.o
                0x00000000000011dc                send_number_dec
 .text.send_number_hex
                0x000000000000121e       0x48 ./src/debug.o
                0x000000000000121e                send_number_hex
 .text.send_number
                0x0000000000001266       0x2a ./src/debug.o
                0x0000000000001266                send_number
 .text.logit3   0x0000000000001290       0x26 ./src/debug.o
                0x0000000000001290                logit3
 .text.log_debug3
                0x00000000000012b6       0x3a ./src/debug.o
                0x00000000000012b6                log_debug3
 .text.log_info3
                0x00000000000012f0       0x3a ./src/debug.o
                0x00000000000012f0                log_info3
 .text.log_warn3
                0x000000000000132a       0x3a ./src/debug.o
                0x000000000000132a                log_warn3
 .text.log_error3
                0x0000000000001364       0x3a ./src/debug.o
                0x0000000000001364                log_error3
 .text.fifo_init
                0x000000000000139e       0x14 ./src/fifo.o
                0x000000000000139e                fifo_init
 .text.fifo_put
                0x00000000000013b2       0x36 ./src/fifo.o
                0x00000000000013b2                fifo_put
 .text.fifo_get_wait
                0x00000000000013e8       0x2e ./src/fifo.o
                0x00000000000013e8                fifo_get_wait
 .text.fifo_get_nowait
                0x0000000000001416       0x38 ./src/fifo.o
                0x0000000000001416                fifo_get_nowait
 .text.fifo_peek_nowait
                0x000000000000144e       0x1c ./src/fifo.o
                0x000000000000144e                fifo_peek_nowait
 .text.fifo_get_size
                0x000000000000146a        0x6 ./src/fifo.o
                0x000000000000146a                fifo_get_size
 .text.ib_go_cmd
                0x0000000000001470       0x6e ./src/ib_parser.o
                0x0000000000001470                ib_go_cmd
 .text.ib_stop_cmd
                0x00000000000014de       0x6a ./src/ib_parser.o
                0x00000000000014de                ib_stop_cmd
 .text.ib_solenoid_cmd
                0x0000000000001548      0x136 ./src/ib_parser.o
                0x0000000000001548                ib_solenoid_cmd
 .text.ib_loco_config_cmd
                0x000000000000167e       0xd8 ./src/ib_parser.o
                0x000000000000167e                ib_loco_config_cmd
 .text.ib_loco_set_cmd
                0x0000000000001756      0x480 ./src/ib_parser.o
                0x0000000000001756                ib_loco_set_cmd
 .text.ib_debug_level_cmd
                0x0000000000001bd6       0x2a ./src/ib_parser.o
                0x0000000000001bd6                ib_debug_level_cmd
 .text.parse_ib_cmd
                0x0000000000001c00      0x1a4 ./src/ib_parser.o
                0x0000000000001c00                parse_ib_cmd
 .text.processASCIIData
                0x0000000000001da4       0x26 ./src/main.o
                0x0000000000001da4                processASCIIData
 .text.enqueue_solenoid
                0x0000000000001dca       0x1c ./src/main.o
                0x0000000000001dca                enqueue_solenoid
 .text.enqueue_loco
                0x0000000000001de6       0x30 ./src/main.o
                0x0000000000001de6                enqueue_loco
 .text.encodeFunction
                0x0000000000001e16       0x82 ./src/main.o
                0x0000000000001e16                encodeFunction
 .text.finish_mm_command_Loco
                0x0000000000001e98       0x7a ./src/main.o
                0x0000000000001e98                finish_mm_command_Loco
 .text.sendLocoPacket
                0x0000000000001f12      0x276 ./src/main.o
                0x0000000000001f12                sendLocoPacket
 .text.finish_mm_command_Solenoid
                0x0000000000002188       0x82 ./src/main.o
                0x0000000000002188                finish_mm_command_Solenoid
 .text.sendSolenoidPacket
                0x000000000000220a      0x1b6 ./src/main.o
                0x000000000000220a                sendSolenoidPacket
 .text.prepareDataForPWM
                0x00000000000023c0      0x18c ./src/main.o
                0x00000000000023c0                prepareDataForPWM
 .text.__vector_18
                0x000000000000254c       0x22 ./src/main.o
                0x000000000000254c                __vector_18
 .text.__vector_14
                0x000000000000256e      0x176 ./src/main.o
                0x000000000000256e                __vector_14
 .text.initPortData
                0x00000000000026e4       0x30 ./src/main.o
                0x00000000000026e4                initPortData
 .text.initActiveLocoData
                0x0000000000002714       0x70 ./src/main.o
                0x0000000000002714                initActiveLocoData
 .text.initLocoData
                0x0000000000002784      0x314 ./src/main.o
                0x0000000000002784                initLocoData
 .text.main     0x0000000000002a98      0x1e4 ./src/main.o
                0x0000000000002a98                main
 .text.sendStopAllLoco
                0x0000000000002c7c      0x14c ./src/main.o
                0x0000000000002c7c                sendStopAllLoco
 .text.initPWM  0x0000000000002dc8       0x6e ./src/pwm.o
                0x0000000000002dc8                initPWM
 .text.setPWMOutput
                0x0000000000002e36        0xc ./src/pwm.o
                0x0000000000002e36                setPWMOutput
 .text.setSolenoid0
                0x0000000000002e42       0x14 ./src/pwm.o
                0x0000000000002e42                setSolenoid0
 .text.setSolenoid1
                0x0000000000002e56       0x14 ./src/pwm.o
                0x0000000000002e56                setSolenoid1
 .text.setSolenoidWait
                0x0000000000002e6a        0xc ./src/pwm.o
                0x0000000000002e6a                setSolenoidWait
 .text.setLoco0
                0x0000000000002e76       0x14 ./src/pwm.o
                0x0000000000002e76                setLoco0
 .text.setLoco1
                0x0000000000002e8a       0x14 ./src/pwm.o
                0x0000000000002e8a                setLoco1
 .text.setLocoWait
                0x0000000000002e9e        0xc ./src/pwm.o
                0x0000000000002e9e                setLocoWait
 .text.SPI_MasterInitOutput
                0x0000000000002eaa       0x14 ./src/spi.o
                0x0000000000002eaa                SPI_MasterInitOutput
 .text.SPI_MasterInitInput
                0x0000000000002ebe        0xc ./src/spi.o
                0x0000000000002ebe                SPI_MasterInitInput
 .text.SPI_MasterTransmitDebug
                0x0000000000002eca        0xe ./src/spi.o
                0x0000000000002eca                SPI_MasterTransmitDebug
 .text.SPI_MasterTransmitGO
                0x0000000000002ed8        0xe ./src/spi.o
                0x0000000000002ed8                SPI_MasterTransmitGO
 .text.SPI_MasterReceiveShort
                0x0000000000002ee6       0x16 ./src/spi.o
                0x0000000000002ee6                SPI_MasterReceiveShort
 .text.uart_init
                0x0000000000002efc       0x56 ./src/uart_interrupt.o
                0x0000000000002efc                uart_init
 .text.__vector_20
                0x0000000000002f52       0x78 ./src/uart_interrupt.o
                0x0000000000002f52                __vector_20
 .text.__vector_21
                0x0000000000002fca       0x76 ./src/uart_interrupt.o
                0x0000000000002fca                __vector_21
 .text.uart_puts
                0x0000000000003040       0x3e ./src/uart_interrupt.o
                0x0000000000003040                uart_puts
 .text.uart_putc
                0x000000000000307e       0x18 ./src/uart_interrupt.o
                0x000000000000307e                uart_putc
 .text.reply    0x0000000000003096        0x6 ./src/uart_interrupt.o
                0x0000000000003096                reply
 .text.replys   0x000000000000309c       0x14 ./src/uart_interrupt.o
                0x000000000000309c                replys
 .text.uart_getc_nowait
                0x00000000000030b0        0xa ./src/uart_interrupt.o
                0x00000000000030b0                uart_getc_nowait
 .text.uart_getc_wait
                0x00000000000030ba        0xa ./src/uart_interrupt.o
                0x00000000000030ba                uart_getc_wait
 .text.checkForNewCommand
                0x00000000000030c4       0x68 ./src/uart_interrupt.o
                0x00000000000030c4                checkForNewCommand
 .text.uart_get_inbuf_size
                0x000000000000312c        0xa ./src/uart_interrupt.o
                0x000000000000312c                uart_get_inbuf_size
 .text.uart_peek_inbuf
                0x0000000000003136        0xa ./src/uart_interrupt.o
                0x0000000000003136                uart_peek_inbuf
 .text.uart_clear_inbuf
                0x0000000000003140       0x10 ./src/uart_interrupt.o
                0x0000000000003140                uart_clear_inbuf
 .text.libgcc   0x0000000000003150       0x18 /usr/lib/gcc/avr/4.5.3/avr5/libgcc.a(_udivmodqi4.o)
                0x0000000000003150                __udivmodqi4
 .text.libgcc   0x0000000000003168       0x28 /usr/lib/gcc/avr/4.5.3/avr5/libgcc.a(_udivmodhi4.o)
                0x0000000000003168                __udivmodhi4
 .text.libgcc   0x0000000000003190       0x26 /usr/lib/gcc/avr/4.5.3/avr5/libgcc.a(_divmodhi4.o)
                0x0000000000003190                __divmodhi4
                0x0000000000003190                _div
 .text.libgcc   0x00000000000031b6        0x0 /usr/lib/gcc/avr/4.5.3/avr5/libgcc.a(_exit.o)
 .text.libgcc   0x00000000000031b6        0x0 /usr/lib/gcc/avr/4.5.3/avr5/libgcc.a(_copy_data.o)
 .text.libgcc   0x00000000000031b6        0x0 /usr/lib/gcc/avr/4.5.3/avr5/libgcc.a(_clear_bss.o)
 .text.libgcc   0x00000000000031b6       0x38 /usr/lib/gcc/avr/4.5.3/avr5/libgcc.a(_prologue.o)
                0x00000000000031b6                __prologue_saves__
 .text.libgcc   0x00000000000031ee       0x36 /usr/lib/gcc/avr/4.5.3/avr5/libgcc.a(_epilogue.o)
                0x00000000000031ee                __epilogue_restores__
 .text.avr-libc
                0x0000000000003224      0x266 /usr/lib/gcc/avr/4.5.3/../../../avr/lib/avr5/libc.a(malloc.o)
                0x0000000000003224                malloc
                0x0000000000003358                free
 .text.avr-libc
                0x000000000000348a       0x3c /usr/lib/gcc/avr/4.5.3/../../../avr/lib/avr5/libc.a(atoi.o)
                0x000000000000348a                atoi
 .text.avr-libc
                0x00000000000034c6        0xa /usr/lib/gcc/avr/4.5.3/../../../avr/lib/avr5/libc.a(strtok.o)
                0x00000000000034c6                strtok
 .text.avr-libc
                0x00000000000034d0       0x26 /usr/lib/gcc/avr/4.5.3/../../../avr/lib/avr5/libc.a(strcasecmp.o)
                0x00000000000034d0                strcasecmp
 .text.avr-libc
                0x00000000000034f6        0xe /usr/lib/gcc/avr/4.5.3/../../../avr/lib/avr5/libc.a(strcpy.o)
                0x00000000000034f6                strcpy
 .text.avr-libc
                0x0000000000003504       0x4e /usr/lib/gcc/avr/4.5.3/../../../avr/lib/avr5/libc.a(strtok_r.o)
                0x0000000000003504                strtok_r
 .text.avr-libc
                0x0000000000003552       0x42 /usr/lib/gcc/avr/4.5.3/../../../avr/lib/avr5/libc.a(itoa.o)
                0x0000000000003552                itoa
 .text.avr-libc
                0x0000000000003594       0x10 /usr/lib/gcc/avr/4.5.3/../../../avr/lib/avr5/libc.a(mul10.o)
                0x0000000000003594                __mulhi_const_10
 .text.avr-libc.fplib
                0x00000000000035a4       0x26 /usr/lib/gcc/avr/4.5.3/../../../avr/lib/avr5/libc.a(ceil.o)
                0x00000000000035a4                ceil
 .text.avr-libc.fplib
                0x00000000000035ca       0x36 /usr/lib/gcc/avr/4.5.3/../../../avr/lib/avr5/libc.a(fp_mintl.o)
                0x00000000000035ca                __fp_mintl
 .text.avr-libc.fplib
                0x0000000000003600       0x1c /usr/lib/gcc/avr/4.5.3/../../../avr/lib/avr5/libc.a(fp_mpack.o)
                0x0000000000003600                __fp_mpack
                0x0000000000003604                __fp_mpack_finite
 .text.avr-libc.fplib
                0x000000000000361c       0x2e /usr/lib/gcc/avr/4.5.3/../../../avr/lib/avr5/libc.a(fp_trunc.o)
                0x000000000000361c                __fp_trunc
 .text.avr-libc.fplib
                0x000000000000364a        0xe /usr/lib/gcc/avr/4.5.3/../../../avr/lib/avr5/libc.a(fp_zero.o)
                0x000000000000364a                __fp_zero
                0x000000000000364c                __fp_szero
 .text.avr-libc
                0x0000000000003658       0x20 /usr/lib/gcc/avr/4.5.3/../../../avr/lib/avr5/libc.a(strrev.o)
                0x0000000000003658                strrev
 .text.avr-libc.fplib
                0x0000000000003678       0x44 /usr/lib/gcc/avr/4.5.3/../../../avr/lib/avr5/libc.a(fp_split3.o)
                0x0000000000003678                __fp_split3
                0x0000000000003688                __fp_splitA
                0x00000000000036bc                . = ALIGN (0x2)
 *(.fini9)
 .fini9         0x00000000000036bc        0x0 /usr/lib/gcc/avr/4.5.3/avr5/libgcc.a(_exit.o)
                0x00000000000036bc                exit
                0x00000000000036bc                _exit
 *(.fini9)
 *(.fini8)
 *(.fini8)
 *(.fini7)
 *(.fini7)
 *(.fini6)
 *(.fini6)
 *(.fini5)
 *(.fini5)
 *(.fini4)
 *(.fini4)
 *(.fini3)
 *(.fini3)
 *(.fini2)
 *(.fini2)
 *(.fini1)
 *(.fini1)
 *(.fini0)
 .fini0         0x00000000000036bc        0x4 /usr/lib/gcc/avr/4.5.3/avr5/libgcc.a(_exit.o)
 *(.fini0)
                0x00000000000036c0                _etext = .

.data           0x0000000000800100      0x4b4 load address 0x00000000000036c0
                0x0000000000800100                PROVIDE (__data_start, .)
 *(.data)
 .data          0x0000000000800100        0x0 /usr/lib/gcc/avr/4.5.3/../../../avr/lib/avr5/crtm644.o
 .data          0x0000000000800100       0x24 ./src/booster.o
 .data          0x0000000000800124       0x26 ./src/debug.o
 .data          0x000000000080014a        0x0 ./src/fifo.o
 .data          0x000000000080014a      0x2a2 ./src/ib_parser.o
 .data          0x00000000008003ec       0xb5 ./src/main.o
 .data          0x00000000008004a1        0x0 ./src/pwm.o
 .data          0x00000000008004a1        0x0 ./src/spi.o
 .data          0x00000000008004a1        0x0 ./src/uart_interrupt.o
 .data          0x00000000008004a1        0x0 /usr/lib/gcc/avr/4.5.3/avr5/libgcc.a(_udivmodqi4.o)
 .data          0x00000000008004a1        0x0 /usr/lib/gcc/avr/4.5.3/avr5/libgcc.a(_udivmodhi4.o)
 .data          0x00000000008004a1        0x0 /usr/lib/gcc/avr/4.5.3/avr5/libgcc.a(_divmodhi4.o)
 .data          0x00000000008004a1        0x0 /usr/lib/gcc/avr/4.5.3/avr5/libgcc.a(_exit.o)
 .data          0x00000000008004a1        0x0 /usr/lib/gcc/avr/4.5.3/avr5/libgcc.a(_copy_data.o)
 .data          0x00000000008004a1        0x0 /usr/lib/gcc/avr/4.5.3/avr5/libgcc.a(_clear_bss.o)
 .data          0x00000000008004a1        0x0 /usr/lib/gcc/avr/4.5.3/avr5/libgcc.a(_fixunssfsi.o)
 .data          0x00000000008004a1        0x0 /usr/lib/gcc/avr/4.5.3/avr5/libgcc.a(_addsub_sf.o)
 .data          0x00000000008004a1        0x0 /usr/lib/gcc/avr/4.5.3/avr5/libgcc.a(_mul_sf.o)
 .data          0x00000000008004a1        0x0 /usr/lib/gcc/avr/4.5.3/avr5/libgcc.a(_ge_sf.o)
 .data          0x00000000008004a1        0x0 /usr/lib/gcc/avr/4.5.3/avr5/libgcc.a(_si_to_sf.o)
 .data          0x00000000008004a1        0x0 /usr/lib/gcc/avr/4.5.3/avr5/libgcc.a(_sf_to_si.o)
 .data          0x00000000008004a1        0x8 /usr/lib/gcc/avr/4.5.3/avr5/libgcc.a(_thenan_sf.o)
                0x00000000008004a1                __thenan_sf
 .data          0x00000000008004a9        0x0 /usr/lib/gcc/avr/4.5.3/avr5/libgcc.a(_prologue.o)
 .data          0x00000000008004a9        0x0 /usr/lib/gcc/avr/4.5.3/avr5/libgcc.a(_epilogue.o)
 .data          0x00000000008004a9        0x0 /usr/lib/gcc/avr/4.5.3/avr5/libgcc.a(_clzsi2.o)
 .data          0x00000000008004a9        0x0 /usr/lib/gcc/avr/4.5.3/avr5/libgcc.a(_pack_sf.o)
 .data          0x00000000008004a9        0x0 /usr/lib/gcc/avr/4.5.3/avr5/libgcc.a(_unpack_sf.o)
 .data          0x00000000008004a9        0x0 /usr/lib/gcc/avr/4.5.3/avr5/libgcc.a(_fpcmp_parts_sf.o)
 .data          0x00000000008004a9      0x100 /usr/lib/gcc/avr/4.5.3/avr5/libgcc.a(_clz.o)
                0x00000000008004a9                __clz_tab
 .data          0x00000000008005a9        0x6 /usr/lib/gcc/avr/4.5.3/../../../avr/lib/avr5/libc.a(malloc.o)
                0x00000000008005a9                __malloc_margin
                0x00000000008005ab                __malloc_heap_start
                0x00000000008005ad                __malloc_heap_end
 .data          0x00000000008005af        0x0 /usr/lib/gcc/avr/4.5.3/../../../avr/lib/avr5/libc.a(atoi.o)
 .data          0x00000000008005af        0x0 /usr/lib/gcc/avr/4.5.3/../../../avr/lib/avr5/libc.a(strtok.o)
 .data          0x00000000008005af        0x0 /usr/lib/gcc/avr/4.5.3/../../../avr/lib/avr5/libc.a(strcasecmp.o)
 .data          0x00000000008005af        0x0 /usr/lib/gcc/avr/4.5.3/../../../avr/lib/avr5/libc.a(strcpy.o)
 .data          0x00000000008005af        0x0 /usr/lib/gcc/avr/4.5.3/../../../avr/lib/avr5/libc.a(strtok_r.o)
 .data          0x00000000008005af        0x0 /usr/lib/gcc/avr/4.5.3/../../../avr/lib/avr5/libc.a(itoa.o)
 .data          0x00000000008005af        0x0 /usr/lib/gcc/avr/4.5.3/../../../avr/lib/avr5/libc.a(mul10.o)
 .data          0x00000000008005af        0x0 /usr/lib/gcc/avr/4.5.3/../../../avr/lib/avr5/libc.a(ceil.o)
 .data          0x00000000008005af        0x0 /usr/lib/gcc/avr/4.5.3/../../../avr/lib/avr5/libc.a(fp_mintl.o)
 .data          0x00000000008005af        0x0 /usr/lib/gcc/avr/4.5.3/../../../avr/lib/avr5/libc.a(fp_mpack.o)
 .data          0x00000000008005af        0x0 /usr/lib/gcc/avr/4.5.3/../../../avr/lib/avr5/libc.a(fp_trunc.o)
 .data          0x00000000008005af        0x0 /usr/lib/gcc/avr/4.5.3/../../../avr/lib/avr5/libc.a(fp_zero.o)
 .data          0x00000000008005af        0x0 /usr/lib/gcc/avr/4.5.3/../../../avr/lib/avr5/libc.a(strrev.o)
 .data          0x00000000008005af        0x0 /usr/lib/gcc/avr/4.5.3/../../../avr/lib/avr5/libc.a(fp_split3.o)
 *(.data*)
 .data.debugLevel
                0x00000000008005af        0x1 ./src/main.o
                0x00000000008005af                debugLevel
 *(.rodata)
 *(.rodata*)
 .rodata.CSWTCH.71
                0x00000000008005b0        0x4 ./src/main.o
 *(.gnu.linkonce.d*)
                0x00000000008005b4                . = ALIGN (0x2)
                0x00000000008005b4                _edata = .
                0x00000000008005b4                PROVIDE (__data_end, .)

.bss            0x00000000008005b4      0xa27
                0x00000000008005b4                PROVIDE (__bss_start, .)
 *(.bss)
 .bss           0x00000000008005b4        0x0 /usr/lib/gcc/avr/4.5.3/../../../avr/lib/avr5/crtm644.o
 .bss           0x00000000008005b4        0x0 ./src/booster.o
 .bss           0x00000000008005b4        0x0 ./src/debug.o
 .bss           0x00000000008005b4        0x0 ./src/fifo.o
 .bss           0x00000000008005b4        0x0 ./src/ib_parser.o
 .bss           0x00000000008005b4        0x0 ./src/main.o
 .bss           0x00000000008005b4        0x0 ./src/pwm.o
 .bss           0x00000000008005b4        0x0 ./src/spi.o
 .bss           0x00000000008005b4        0x0 ./src/uart_interrupt.o
 .bss           0x00000000008005b4        0x0 /usr/lib/gcc/avr/4.5.3/avr5/libgcc.a(_udivmodqi4.o)
 .bss           0x00000000008005b4        0x0 /usr/lib/gcc/avr/4.5.3/avr5/libgcc.a(_udivmodhi4.o)
 .bss           0x00000000008005b4        0x0 /usr/lib/gcc/avr/4.5.3/avr5/libgcc.a(_divmodhi4.o)
 .bss           0x00000000008005b4        0x0 /usr/lib/gcc/avr/4.5.3/avr5/libgcc.a(_exit.o)
 .bss           0x00000000008005b4        0x0 /usr/lib/gcc/avr/4.5.3/avr5/libgcc.a(_copy_data.o)
 .bss           0x00000000008005b4        0x0 /usr/lib/gcc/avr/4.5.3/avr5/libgcc.a(_clear_bss.o)
 .bss           0x00000000008005b4        0x0 /usr/lib/gcc/avr/4.5.3/avr5/libgcc.a(_fixunssfsi.o)
 .bss           0x00000000008005b4        0x0 /usr/lib/gcc/avr/4.5.3/avr5/libgcc.a(_addsub_sf.o)
 .bss           0x00000000008005b4        0x0 /usr/lib/gcc/avr/4.5.3/avr5/libgcc.a(_mul_sf.o)
 .bss           0x00000000008005b4        0x0 /usr/lib/gcc/avr/4.5.3/avr5/libgcc.a(_ge_sf.o)
 .bss           0x00000000008005b4        0x0 /usr/lib/gcc/avr/4.5.3/avr5/libgcc.a(_si_to_sf.o)
 .bss           0x00000000008005b4        0x0 /usr/lib/gcc/avr/4.5.3/avr5/libgcc.a(_sf_to_si.o)
 .bss           0x00000000008005b4        0x0 /usr/lib/gcc/avr/4.5.3/avr5/libgcc.a(_thenan_sf.o)
 .bss           0x00000000008005b4        0x0 /usr/lib/gcc/avr/4.5.3/avr5/libgcc.a(_prologue.o)
 .bss           0x00000000008005b4        0x0 /usr/lib/gcc/avr/4.5.3/avr5/libgcc.a(_epilogue.o)
 .bss           0x00000000008005b4        0x0 /usr/lib/gcc/avr/4.5.3/avr5/libgcc.a(_clzsi2.o)
 .bss           0x00000000008005b4        0x0 /usr/lib/gcc/avr/4.5.3/avr5/libgcc.a(_pack_sf.o)
 .bss           0x00000000008005b4        0x0 /usr/lib/gcc/avr/4.5.3/avr5/libgcc.a(_unpack_sf.o)
 .bss           0x00000000008005b4        0x0 /usr/lib/gcc/avr/4.5.3/avr5/libgcc.a(_fpcmp_parts_sf.o)
 .bss           0x00000000008005b4        0x0 /usr/lib/gcc/avr/4.5.3/avr5/libgcc.a(_clz.o)
 .bss           0x00000000008005b4        0x0 /usr/lib/gcc/avr/4.5.3/../../../avr/lib/avr5/libc.a(malloc.o)
 .bss           0x00000000008005b4        0x0 /usr/lib/gcc/avr/4.5.3/../../../avr/lib/avr5/libc.a(atoi.o)
 .bss           0x00000000008005b4        0x2 /usr/lib/gcc/avr/4.5.3/../../../avr/lib/avr5/libc.a(strtok.o)
 .bss           0x00000000008005b6        0x0 /usr/lib/gcc/avr/4.5.3/../../../avr/lib/avr5/libc.a(strcasecmp.o)
 .bss           0x00000000008005b6        0x0 /usr/lib/gcc/avr/4.5.3/../../../avr/lib/avr5/libc.a(strcpy.o)
 .bss           0x00000000008005b6        0x0 /usr/lib/gcc/avr/4.5.3/../../../avr/lib/avr5/libc.a(strtok_r.o)
 .bss           0x00000000008005b6        0x0 /usr/lib/gcc/avr/4.5.3/../../../avr/lib/avr5/libc.a(itoa.o)
 .bss           0x00000000008005b6        0x0 /usr/lib/gcc/avr/4.5.3/../../../avr/lib/avr5/libc.a(mul10.o)
 .bss           0x00000000008005b6        0x0 /usr/lib/gcc/avr/4.5.3/../../../avr/lib/avr5/libc.a(ceil.o)
 .bss           0x00000000008005b6        0x0 /usr/lib/gcc/avr/4.5.3/../../../avr/lib/avr5/libc.a(fp_mintl.o)
 .bss           0x00000000008005b6        0x0 /usr/lib/gcc/avr/4.5.3/../../../avr/lib/avr5/libc.a(fp_mpack.o)
 .bss           0x00000000008005b6        0x0 /usr/lib/gcc/avr/4.5.3/../../../avr/lib/avr5/libc.a(fp_trunc.o)
 .bss           0x00000000008005b6        0x0 /usr/lib/gcc/avr/4.5.3/../../../avr/lib/avr5/libc.a(fp_zero.o)
 .bss           0x00000000008005b6        0x0 /usr/lib/gcc/avr/4.5.3/../../../avr/lib/avr5/libc.a(strrev.o)
 .bss           0x00000000008005b6        0x0 /usr/lib/gcc/avr/4.5.3/../../../avr/lib/avr5/libc.a(fp_split3.o)
 *(.bss*)
 .bss.cmdReceived
                0x00000000008005b6        0x1 ./src/uart_interrupt.o
                0x00000000008005b6                cmdReceived
 *(COMMON)
 COMMON         0x00000000008005b7        0x8 ./src/booster.o
                0x00000000008005b7                booster_state
 COMMON         0x00000000008005bf      0x93a ./src/ib_parser.o
                0x00000000008005bf                locoData
                0x00000000008007ef                newLocoQueue
                0x0000000000800b0f                prepareNextData
                0x0000000000800b10                commandQueue
                0x0000000000800d50                functionRefreshSent
                0x0000000000800d51                currentRefreshCycleLocoIdx
                0x0000000000800d52                solenoidToDeactivate
                0x0000000000800d53                solenoidQueueIdxFront2
                0x0000000000800d54                newLocoIdx
                0x0000000000800d56                mmChangeDirection
                0x0000000000800d57                SolenoidTESTport
                0x0000000000800d58                StartSecondSolenoidTransmition
                0x0000000000800d59                currentRefreshCycleFunction
                0x0000000000800d5a                solenoidQueue
                0x0000000000800e86                newLocoFunction
                0x0000000000800e87                pwm_mode
                0x0000000000800e89                deactivatingSolenoid
                0x0000000000800e8a                portData
                0x0000000000800e92                deltaSpeedData
                0x0000000000800ea2                solenoidQueueIdxEnter
                0x0000000000800ea4                newLoco
                0x0000000000800ea6                solenoidQueueIdxFront
                0x0000000000800ea7                commandLength
                0x0000000000800ea9                actualData
                0x0000000000800eab                actualBit
                0x0000000000800ead                pwmQueueIdx
                0x0000000000800eae                timer0_interrupt
                0x0000000000800eaf                newLocoQueueIdxFront
                0x0000000000800eb0                locoCommandLength
                0x0000000000800eb4                timer2_interrupt
                0x0000000000800eb5                newLocoQueueIdxEnter
                0x0000000000800eb7                cmd
                0x0000000000800ef7                StartOneLocoRefresh
                0x0000000000800ef8                newLocoSpeed
 COMMON         0x0000000000800ef9        0xe ./src/main.o
                0x0000000000800ef9                LOCO_1
                0x0000000000800efb                SOLENOID_0
                0x0000000000800efd                SOLENOID_TOP
                0x0000000000800eff                PWM_WAIT
                0x0000000000800f01                SOLENOID_1
                0x0000000000800f03                LOCO_0
                0x0000000000800f05                LOCO_TOP
 COMMON         0x0000000000800f07       0xd0 ./src/uart_interrupt.o
                0x0000000000800f07                inbuf
                0x0000000000800f47                outfifo
                0x0000000000800f4f                infifo
                0x0000000000800f57                outbuf
 COMMON         0x0000000000800fd7        0x4 /usr/lib/gcc/avr/4.5.3/../../../avr/lib/avr5/libc.a(malloc.o)
                0x0000000000800fd7                __brkval
                0x0000000000800fd9                __flp
                0x0000000000800fdb                PROVIDE (__bss_end, .)
                0x00000000000036c0                __data_load_start = LOADADDR (.data)
                0x0000000000003b74                __data_load_end = (__data_load_start + SIZEOF (.data))

.noinit         0x0000000000800fdb        0x0
                0x0000000000800fdb                PROVIDE (__noinit_start, .)
 *(.noinit*)
                0x0000000000800fdb                PROVIDE (__noinit_end, .)
                0x0000000000800fdb                _end = .
                0x0000000000800fdb                PROVIDE (__heap_start, .)

.eeprom         0x0000000000810000        0x0
 *(.eeprom*)
                0x0000000000810000                __eeprom_end = .

.fuse
 *(.fuse)
 *(.lfuse)
 *(.hfuse)
 *(.efuse)

.lock
 *(.lock*)

.signature
 *(.signature*)

.stab           0x0000000000000000     0x1ea8
 *(.stab)
 .stab          0x0000000000000000      0x6cc /usr/lib/gcc/avr/4.5.3/../../../avr/lib/avr5/crtm644.o
 .stab          0x00000000000006cc      0x750 /usr/lib/gcc/avr/4.5.3/../../../avr/lib/avr5/libc.a(malloc.o)
                                        0x75c (size before relaxing)
 .stab          0x0000000000000e1c      0x174 /usr/lib/gcc/avr/4.5.3/../../../avr/lib/avr5/libc.a(atoi.o)
                                        0x180 (size before relaxing)
 .stab          0x0000000000000f90      0x198 /usr/lib/gcc/avr/4.5.3/../../../avr/lib/avr5/libc.a(strtok.o)
                                        0x1a4 (size before relaxing)
 .stab          0x0000000000001128       0xfc /usr/lib/gcc/avr/4.5.3/../../../avr/lib/avr5/libc.a(strcasecmp.o)
                                        0x108 (size before relaxing)
 .stab          0x0000000000001224       0x6c /usr/lib/gcc/avr/4.5.3/../../../avr/lib/avr5/libc.a(strcpy.o)
                                         0x78 (size before relaxing)
 .stab          0x0000000000001290      0x204 /usr/lib/gcc/avr/4.5.3/../../../avr/lib/avr5/libc.a(strtok_r.o)
                                        0x210 (size before relaxing)
 .stab          0x0000000000001494      0x1b0 /usr/lib/gcc/avr/4.5.3/../../../avr/lib/avr5/libc.a(itoa.o)
                                        0x1bc (size before relaxing)
 .stab          0x0000000000001644       0x78 /usr/lib/gcc/avr/4.5.3/../../../avr/lib/avr5/libc.a(mul10.o)
                                         0x84 (size before relaxing)
 .stab          0x00000000000016bc      0x114 /usr/lib/gcc/avr/4.5.3/../../../avr/lib/avr5/libc.a(ceil.o)
                                        0x120 (size before relaxing)
 .stab          0x00000000000017d0      0x174 /usr/lib/gcc/avr/4.5.3/../../../avr/lib/avr5/libc.a(fp_mintl.o)
                                        0x180 (size before relaxing)
 .stab          0x0000000000001944       0xe4 /usr/lib/gcc/avr/4.5.3/../../../avr/lib/avr5/libc.a(fp_mpack.o)
                                         0xf0 (size before relaxing)
 .stab          0x0000000000001a28      0x144 /usr/lib/gcc/avr/4.5.3/../../../avr/lib/avr5/libc.a(fp_trunc.o)
                                        0x150 (size before relaxing)
 .stab          0x0000000000001b6c       0x90 /usr/lib/gcc/avr/4.5.3/../../../avr/lib/avr5/libc.a(fp_zero.o)
                                         0x9c (size before relaxing)
 .stab          0x0000000000001bfc       0xd8 /usr/lib/gcc/avr/4.5.3/../../../avr/lib/avr5/libc.a(strrev.o)
                                         0xe4 (size before relaxing)
 .stab          0x0000000000001cd4      0x1d4 /usr/lib/gcc/avr/4.5.3/../../../avr/lib/avr5/libc.a(fp_split3.o)
                                        0x1e0 (size before relaxing)

.stabstr        0x0000000000000000      0xb5a
 *(.stabstr)
 .stabstr       0x0000000000000000      0xb5a /usr/lib/gcc/avr/4.5.3/../../../avr/lib/avr5/crtm644.o

.stab.excl
 *(.stab.excl)

.stab.exclstr
 *(.stab.exclstr)

.stab.index
 *(.stab.index)

.stab.indexstr
 *(.stab.indexstr)

.comment
 *(.comment)

.debug
 *(.debug)

.line
 *(.line)

.debug_srcinfo
 *(.debug_srcinfo)

.debug_sfnames
 *(.debug_sfnames)

.debug_aranges
 *(.debug_aranges)

.debug_pubnames
 *(.debug_pubnames)

.debug_info
 *(.debug_info)
 *(.gnu.linkonce.wi.*)

.debug_abbrev
 *(.debug_abbrev)

.debug_line
 *(.debug_line)

.debug_frame
 *(.debug_frame)

.debug_str
 *(.debug_str)

.debug_loc
 *(.debug_loc)

.debug_macinfo
 *(.debug_macinfo)
OUTPUT(AdHoc-Railway-Brain.elf elf32-avr)
LOAD linker stubs
